id,achievement_id,item_id
1,1,aaa
2,1,bbb
3,2,aaa
4,2,bbb
5,2,ccc