id,user_id,earned_date,earned_point
1,uuu,2022-12-01,1234
2,uuu,2022-12-04,2550