id_type,current_id
HELP_POINT_EARNED_ACHIEVEMENT_ID,2
HELP_POINT_EARNED_DETAIL_ID,5
