user_id,point,last_help_datetime
u1,12750,2022-12-04 12:34:56.0
u2,5432,2022-11-23 00:00:00
