id_type,current_id
HELP_POINT_EARNED_ACHIEVEMENT_ID,2
