item_name,help_point,memo
テスト項目2,100,これはテストです。
テスト項目3,200,これもテストです。
テスト,200,これはテストです。