id,name,point
1,交換品1,500
2,交換品2,500
3,交換品3,3000
4,交換品4,300
