user_id,point,last_help_datetime
u1,9800,2022-12-01 00:00:00
u2,5432,2022-11-23 00:00:00
